
=== Thu Sep 24 23:06:20 2020

Packages were changed.
Update Mode: updateDependencies

The following packages were added:
  com.unity.analytics@3.2.2
  com.unity.purchasing@2.0.3
  com.unity.ads@2.0.8
  com.unity.textmeshpro@1.4.1
  com.unity.package-manager-ui@2.0.8
  com.unity.collab-proxy@1.2.15
  com.unity.modules.ai@1.0.0
  com.unity.modules.animation@1.0.0
  com.unity.modules.assetbundle@1.0.0
  com.unity.modules.audio@1.0.0
  com.unity.modules.cloth@1.0.0
  com.unity.modules.director@1.0.0
  com.unity.modules.imageconversion@1.0.0
  com.unity.modules.imgui@1.0.0
  com.unity.modules.jsonserialize@1.0.0
  com.unity.modules.particlesystem@1.0.0
  com.unity.modules.physics@1.0.0
  com.unity.modules.physics2d@1.0.0
  com.unity.modules.screencapture@1.0.0
  com.unity.modules.terrain@1.0.0
  com.unity.modules.terrainphysics@1.0.0
  com.unity.modules.tilemap@1.0.0
  com.unity.modules.ui@1.0.0
  com.unity.modules.uielements@1.0.0
  com.unity.modules.umbra@1.0.0
  com.unity.modules.unityanalytics@1.0.0
  com.unity.modules.unitywebrequest@1.0.0
  com.unity.modules.unitywebrequestassetbundle@1.0.0
  com.unity.modules.unitywebrequestaudio@1.0.0
  com.unity.modules.unitywebrequesttexture@1.0.0
  com.unity.modules.unitywebrequestwww@1.0.0
  com.unity.modules.vehicles@1.0.0
  com.unity.modules.video@1.0.0
  com.unity.modules.vr@1.0.0
  com.unity.modules.wind@1.0.0
  com.unity.modules.xr@1.0.0

=== Sun Mar  2 16:30:42 2025

Packages were changed.
Update Mode: updateDependencies

The following packages were added:
  com.unity.2d.sprite@1.0.0
  com.unity.2d.tilemap@1.0.0
  com.unity.ide.rider@3.0.31
  com.unity.ide.visualstudio@2.0.22
  com.unity.modules.androidjni@1.0.0
  com.unity.test-framework@1.4.6
  com.unity.timeline@1.8.7
  com.unity.ugui@2.0.0
  com.unity.xr.legacyinputhelpers@2.1.12
  com.unity.ai.navigation@2.0.6
  com.unity.modules.accessibility@1.0.0
  com.unity.multiplayer.center@1.0.0
The following packages were updated:
  com.unity.collab-proxy from version 1.2.15 to 2.7.1
  com.unity.purchasing from version 2.0.3 to 4.12.2
The following packages were removed:
  com.unity.package-manager-ui@2.0.8
  com.unity.textmeshpro@1.4.1

=== Sat Sep 26 12:36:34 2026

Packages were changed.
Update Mode: updateDependencies

The following packages were added:
  com.unity.modules.adaptiveperformance@1.0.0
  com.unity.modules.vectorgraphics@1.0.0
The following packages were updated:
  com.unity.ai.navigation from version 2.0.6 to 2.0.14
  com.unity.collab-proxy from version 2.7.1 to 2.13.6
  com.unity.ide.rider from version 3.0.31 to 3.0.40
  com.unity.ide.visualstudio from version 2.0.22 to 2.0.26
  com.unity.multiplayer.center from version 1.0.0 to 1.0.1
  com.unity.purchasing from version 4.12.2 to 4.15.1
  com.unity.test-framework from version 1.4.6 to 1.6.0
  com.unity.timeline from version 1.8.7 to 1.8.13
  com.unity.xr.legacyinputhelpers from version 2.1.12 to 2.1.13
